::1 - - [30/Jun/2020:12:48:33 -0700] "OPTIONS * HTTP/1.0" 200 - "-" "Apache/2.4.6 (CentOS) mod_wsgi/4.5.14 Python/3.6 (internal dummy connection)"
68.53.74.223 - - [30/Jun/2020:12:48:39 -0700] "GET /about/ HTTP/1.1" 200 7895 "http://148.72.22.93/" "Mozilla/5.0 (Macintosh; Intel Mac OS X 10_15_5) AppleWebKit/537.36 (KHTML, like Gecko) Chrome/83.0.4103.116 Safari/537.36"
68.53.74.223 - - [30/Jun/2020:12:48:39 -0700] "GET /blog/static/blog/main.css HTTP/1.1" 404 179 "http://148.72.22.93/about/" "Mozilla/5.0 (Macintosh; Intel Mac OS X 10_15_5) AppleWebKit/537.36 (KHTML, like Gecko) Chrome/83.0.4103.116 Safari/537.36"
68.53.74.223 - - [30/Jun/2020:12:48:39 -0700] "GET /blog/static/img/bookworm.png HTTP/1.1" 404 179 "http://148.72.22.93/about/" "Mozilla/5.0 (Macintosh; Intel Mac OS X 10_15_5) AppleWebKit/537.36 (KHTML, like Gecko) Chrome/83.0.4103.116 Safari/537.36"
68.53.74.223 - - [30/Jun/2020:12:50:27 -0700] "GET / HTTP/1.1" 200 9124 "-" "Mozilla/5.0 (Macintosh; Intel Mac OS X 10_15_5) AppleWebKit/537.36 (KHTML, like Gecko) Chrome/83.0.4103.116 Safari/537.36"
68.53.74.223 - - [30/Jun/2020:12:50:28 -0700] "GET /blog/static/img/bookworm.png HTTP/1.1" 404 179 "http://148.72.22.93/" "Mozilla/5.0 (Macintosh; Intel Mac OS X 10_15_5) AppleWebKit/537.36 (KHTML, like Gecko) Chrome/83.0.4103.116 Safari/537.36"
68.53.74.223 - - [30/Jun/2020:12:50:28 -0700] "GET /blog/static/img/teacher.jpg HTTP/1.1" 404 179 "http://148.72.22.93/" "Mozilla/5.0 (Macintosh; Intel Mac OS X 10_15_5) AppleWebKit/537.36 (KHTML, like Gecko) Chrome/83.0.4103.116 Safari/537.36"
68.53.74.223 - - [30/Jun/2020:12:50:29 -0700] "GET /blog/static/img/kids.jpg HTTP/1.1" 404 179 "http://148.72.22.93/" "Mozilla/5.0 (Macintosh; Intel Mac OS X 10_15_5) AppleWebKit/537.36 (KHTML, like Gecko) Chrome/83.0.4103.116 Safari/537.36"
68.53.74.223 - - [30/Jun/2020:12:50:29 -0700] "GET /blog/static/img/test.jpg HTTP/1.1" 404 179 "http://148.72.22.93/" "Mozilla/5.0 (Macintosh; Intel Mac OS X 10_15_5) AppleWebKit/537.36 (KHTML, like Gecko) Chrome/83.0.4103.116 Safari/537.36"
68.53.74.223 - - [30/Jun/2020:12:50:29 -0700] "GET /blog/static/img/girl_studying.jpg HTTP/1.1" 404 179 "http://148.72.22.93/" "Mozilla/5.0 (Macintosh; Intel Mac OS X 10_15_5) AppleWebKit/537.36 (KHTML, like Gecko) Chrome/83.0.4103.116 Safari/537.36"
68.53.74.223 - - [30/Jun/2020:12:50:33 -0700] "GET /about/ HTTP/1.1" 200 7895 "http://148.72.22.93/" "Mozilla/5.0 (Macintosh; Intel Mac OS X 10_15_5) AppleWebKit/537.36 (KHTML, like Gecko) Chrome/83.0.4103.116 Safari/537.36"
68.53.74.223 - - [30/Jun/2020:12:50:33 -0700] "GET /blog/static/blog/main.css HTTP/1.1" 404 179 "http://148.72.22.93/about/" "Mozilla/5.0 (Macintosh; Intel Mac OS X 10_15_5) AppleWebKit/537.36 (KHTML, like Gecko) Chrome/83.0.4103.116 Safari/537.36"
68.53.74.223 - - [30/Jun/2020:12:50:33 -0700] "GET /blog/static/img/bookworm.png HTTP/1.1" 404 179 "http://148.72.22.93/about/" "Mozilla/5.0 (Macintosh; Intel Mac OS X 10_15_5) AppleWebKit/537.36 (KHTML, like Gecko) Chrome/83.0.4103.116 Safari/537.36"
::1 - - [30/Jun/2020:12:50:38 -0700] "OPTIONS * HTTP/1.0" 200 - "-" "Apache/2.4.6 (CentOS) mod_wsgi/4.5.14 Python/3.6 (internal dummy connection)"
::1 - - [30/Jun/2020:12:50:39 -0700] "OPTIONS * HTTP/1.0" 200 - "-" "Apache/2.4.6 (CentOS) mod_wsgi/4.5.14 Python/3.6 (internal dummy connection)"
::1 - - [30/Jun/2020:12:55:02 -0700] "GET /server-status?auto HTTP/1.1" 400 143 "-" "-"
127.0.0.1 - - [30/Jun/2020:12:55:05 -0700] "GET /computeMetadata/v1/instance/?recursive=true HTTP/1.1" 400 143 "-" "-"
68.53.74.223 - - [30/Jun/2020:13:06:12 -0700] "GET / HTTP/1.1" 200 9124 "-" "Mozilla/5.0 (Macintosh; Intel Mac OS X 10_15_5) AppleWebKit/537.36 (KHTML, like Gecko) Chrome/83.0.4103.116 Safari/537.36"
68.53.74.223 - - [30/Jun/2020:13:06:13 -0700] "GET /blog/static/img/bookworm.png HTTP/1.1" 404 179 "http://148.72.22.93/" "Mozilla/5.0 (Macintosh; Intel Mac OS X 10_15_5) AppleWebKit/537.36 (KHTML, like Gecko) Chrome/83.0.4103.116 Safari/537.36"
68.53.74.223 - - [30/Jun/2020:13:06:13 -0700] "GET /blog/static/img/teacher.jpg HTTP/1.1" 404 179 "http://148.72.22.93/" "Mozilla/5.0 (Macintosh; Intel Mac OS X 10_15_5) AppleWebKit/537.36 (KHTML, like Gecko) Chrome/83.0.4103.116 Safari/537.36"
68.53.74.223 - - [30/Jun/2020:13:06:14 -0700] "GET /blog/static/img/kids.jpg HTTP/1.1" 404 179 "http://148.72.22.93/" "Mozilla/5.0 (Macintosh; Intel Mac OS X 10_15_5) AppleWebKit/537.36 (KHTML, like Gecko) Chrome/83.0.4103.116 Safari/537.36"
68.53.74.223 - - [30/Jun/2020:13:06:14 -0700] "GET /blog/static/img/test.jpg HTTP/1.1" 404 179 "http://148.72.22.93/" "Mozilla/5.0 (Macintosh; Intel Mac OS X 10_15_5) AppleWebKit/537.36 (KHTML, like Gecko) Chrome/83.0.4103.116 Safari/537.36"
68.53.74.223 - - [30/Jun/2020:13:06:14 -0700] "GET /blog/static/img/girl_studying.jpg HTTP/1.1" 404 179 "http://148.72.22.93/" "Mozilla/5.0 (Macintosh; Intel Mac OS X 10_15_5) AppleWebKit/537.36 (KHTML, like Gecko) Chrome/83.0.4103.116 Safari/537.36"
::1 - - [30/Jun/2020:13:06:20 -0700] "OPTIONS * HTTP/1.0" 200 - "-" "Apache/2.4.6 (CentOS) mod_wsgi/4.5.14 Python/3.6 (internal dummy connection)"
::1 - - [30/Jun/2020:13:06:21 -0700] "OPTIONS * HTTP/1.0" 200 - "-" "Apache/2.4.6 (CentOS) mod_wsgi/4.5.14 Python/3.6 (internal dummy connection)"
68.53.74.223 - - [30/Jun/2020:13:19:40 -0700] "GET / HTTP/1.1" 200 9124 "-" "Mozilla/5.0 (Macintosh; Intel Mac OS X 10_15_5) AppleWebKit/537.36 (KHTML, like Gecko) Chrome/83.0.4103.116 Safari/537.36"
68.53.74.223 - - [30/Jun/2020:13:19:41 -0700] "GET /blog/static/img/bookworm.png HTTP/1.1" 404 179 "http://148.72.22.93/" "Mozilla/5.0 (Macintosh; Intel Mac OS X 10_15_5) AppleWebKit/537.36 (KHTML, like Gecko) Chrome/83.0.4103.116 Safari/537.36"
68.53.74.223 - - [30/Jun/2020:13:19:41 -0700] "GET /blog/static/img/teacher.jpg HTTP/1.1" 404 179 "http://148.72.22.93/" "Mozilla/5.0 (Macintosh; Intel Mac OS X 10_15_5) AppleWebKit/537.36 (KHTML, like Gecko) Chrome/83.0.4103.116 Safari/537.36"
68.53.74.223 - - [30/Jun/2020:13:19:41 -0700] "GET /blog/static/img/kids.jpg HTTP/1.1" 404 179 "http://148.72.22.93/" "Mozilla/5.0 (Macintosh; Intel Mac OS X 10_15_5) AppleWebKit/537.36 (KHTML, like Gecko) Chrome/83.0.4103.116 Safari/537.36"
68.53.74.223 - - [30/Jun/2020:13:19:41 -0700] "GET /blog/static/img/test.jpg HTTP/1.1" 404 179 "http://148.72.22.93/" "Mozilla/5.0 (Macintosh; Intel Mac OS X 10_15_5) AppleWebKit/537.36 (KHTML, like Gecko) Chrome/83.0.4103.116 Safari/537.36"
68.53.74.223 - - [30/Jun/2020:13:19:41 -0700] "GET /blog/static/img/girl_studying.jpg HTTP/1.1" 404 179 "http://148.72.22.93/" "Mozilla/5.0 (Macintosh; Intel Mac OS X 10_15_5) AppleWebKit/537.36 (KHTML, like Gecko) Chrome/83.0.4103.116 Safari/537.36"
::1 - - [30/Jun/2020:13:19:47 -0700] "OPTIONS * HTTP/1.0" 200 - "-" "Apache/2.4.6 (CentOS) mod_wsgi/4.5.14 Python/3.6 (internal dummy connection)"
::1 - - [30/Jun/2020:13:19:48 -0700] "OPTIONS * HTTP/1.0" 200 - "-" "Apache/2.4.6 (CentOS) mod_wsgi/4.5.14 Python/3.6 (internal dummy connection)"
::1 - - [30/Jun/2020:13:19:49 -0700] "OPTIONS * HTTP/1.0" 200 - "-" "Apache/2.4.6 (CentOS) mod_wsgi/4.5.14 Python/3.6 (internal dummy connection)"
68.53.74.223 - - [30/Jun/2020:13:21:18 -0700] "GET / HTTP/1.1" 200 9124 "-" "Mozilla/5.0 (Macintosh; Intel Mac OS X 10_15_5) AppleWebKit/537.36 (KHTML, like Gecko) Chrome/83.0.4103.116 Safari/537.36"
68.53.74.223 - - [30/Jun/2020:13:21:18 -0700] "GET /blog/static/img/bookworm.png HTTP/1.1" 404 179 "http://148.72.22.93/" "Mozilla/5.0 (Macintosh; Intel Mac OS X 10_15_5) AppleWebKit/537.36 (KHTML, like Gecko) Chrome/83.0.4103.116 Safari/537.36"
68.53.74.223 - - [30/Jun/2020:13:21:18 -0700] "GET /blog/static/img/teacher.jpg HTTP/1.1" 404 179 "http://148.72.22.93/" "Mozilla/5.0 (Macintosh; Intel Mac OS X 10_15_5) AppleWebKit/537.36 (KHTML, like Gecko) Chrome/83.0.4103.116 Safari/537.36"
68.53.74.223 - - [30/Jun/2020:13:21:18 -0700] "GET /blog/static/img/test.jpg HTTP/1.1" 404 179 "http://148.72.22.93/" "Mozilla/5.0 (Macintosh; Intel Mac OS X 10_15_5) AppleWebKit/537.36 (KHTML, like Gecko) Chrome/83.0.4103.116 Safari/537.36"
68.53.74.223 - - [30/Jun/2020:13:21:18 -0700] "GET /blog/static/img/kids.jpg HTTP/1.1" 404 179 "http://148.72.22.93/" "Mozilla/5.0 (Macintosh; Intel Mac OS X 10_15_5) AppleWebKit/537.36 (KHTML, like Gecko) Chrome/83.0.4103.116 Safari/537.36"
68.53.74.223 - - [30/Jun/2020:13:21:18 -0700] "GET /blog/static/img/girl_studying.jpg HTTP/1.1" 404 179 "http://148.72.22.93/" "Mozilla/5.0 (Macintosh; Intel Mac OS X 10_15_5) AppleWebKit/537.36 (KHTML, like Gecko) Chrome/83.0.4103.116 Safari/537.36"
68.53.74.223 - - [30/Jun/2020:13:23:10 -0700] "GET / HTTP/1.1" 200 9208 "-" "Mozilla/5.0 (Macintosh; Intel Mac OS X 10_15_5) AppleWebKit/537.36 (KHTML, like Gecko) Chrome/83.0.4103.116 Safari/537.36"
68.53.74.223 - - [30/Jun/2020:13:23:11 -0700] "GET /django_project/blog/static/img/bookworm.png HTTP/1.1" 404 179 "http://148.72.22.93/" "Mozilla/5.0 (Macintosh; Intel Mac OS X 10_15_5) AppleWebKit/537.36 (KHTML, like Gecko) Chrome/83.0.4103.116 Safari/537.36"
68.53.74.223 - - [30/Jun/2020:13:23:11 -0700] "GET /django_project/blog/static/img/teacher.jpg HTTP/1.1" 404 179 "http://148.72.22.93/" "Mozilla/5.0 (Macintosh; Intel Mac OS X 10_15_5) AppleWebKit/537.36 (KHTML, like Gecko) Chrome/83.0.4103.116 Safari/537.36"
68.53.74.223 - - [30/Jun/2020:13:23:11 -0700] "GET /django_project/blog/static/img/test.jpg HTTP/1.1" 404 179 "http://148.72.22.93/" "Mozilla/5.0 (Macintosh; Intel Mac OS X 10_15_5) AppleWebKit/537.36 (KHTML, like Gecko) Chrome/83.0.4103.116 Safari/537.36"
68.53.74.223 - - [30/Jun/2020:13:23:11 -0700] "GET /django_project/blog/static/img/kids.jpg HTTP/1.1" 404 179 "http://148.72.22.93/" "Mozilla/5.0 (Macintosh; Intel Mac OS X 10_15_5) AppleWebKit/537.36 (KHTML, like Gecko) Chrome/83.0.4103.116 Safari/537.36"
68.53.74.223 - - [30/Jun/2020:13:23:11 -0700] "GET /django_project/blog/static/img/girl_studying.jpg HTTP/1.1" 404 179 "http://148.72.22.93/" "Mozilla/5.0 (Macintosh; Intel Mac OS X 10_15_5) AppleWebKit/537.36 (KHTML, like Gecko) Chrome/83.0.4103.116 Safari/537.36"
68.53.74.223 - - [30/Jun/2020:13:23:11 -0700] "GET /django_project/blog/static/img/bookworm.png HTTP/1.1" 404 179 "http://148.72.22.93/" "Mozilla/5.0 (Macintosh; Intel Mac OS X 10_15_5) AppleWebKit/537.36 (KHTML, like Gecko) Chrome/83.0.4103.116 Safari/537.36"
::1 - - [30/Jun/2020:13:23:16 -0700] "OPTIONS * HTTP/1.0" 200 - "-" "Apache/2.4.6 (CentOS) mod_wsgi/4.5.14 Python/3.6 (internal dummy connection)"
::1 - - [30/Jun/2020:13:23:17 -0700] "OPTIONS * HTTP/1.0" 200 - "-" "Apache/2.4.6 (CentOS) mod_wsgi/4.5.14 Python/3.6 (internal dummy connection)"
68.53.74.223 - - [30/Jun/2020:13:26:26 -0700] "GET / HTTP/1.1" 200 9118 "-" "Mozilla/5.0 (Macintosh; Intel Mac OS X 10_15_5) AppleWebKit/537.36 (KHTML, like Gecko) Chrome/83.0.4103.116 Safari/537.36"
68.53.74.223 - - [30/Jun/2020:13:26:27 -0700] "GET /blog/static/img/teacher.jpg HTTP/1.1" 404 179 "http://148.72.22.93/" "Mozilla/5.0 (Macintosh; Intel Mac OS X 10_15_5) AppleWebKit/537.36 (KHTML, like Gecko) Chrome/83.0.4103.116 Safari/537.36"
68.53.74.223 - - [30/Jun/2020:13:26:27 -0700] "GET /blog/static/img/bookworm.png HTTP/1.1" 404 179 "http://148.72.22.93/" "Mozilla/5.0 (Macintosh; Intel Mac OS X 10_15_5) AppleWebKit/537.36 (KHTML, like Gecko) Chrome/83.0.4103.116 Safari/537.36"
68.53.74.223 - - [30/Jun/2020:13:26:27 -0700] "GET /blog/static/img/kids.jpg HTTP/1.1" 404 179 "http://148.72.22.93/" "Mozilla/5.0 (Macintosh; Intel Mac OS X 10_15_5) AppleWebKit/537.36 (KHTML, like Gecko) Chrome/83.0.4103.116 Safari/537.36"
68.53.74.223 - - [30/Jun/2020:13:26:27 -0700] "GET /blog/static/img/test.jpg HTTP/1.1" 404 179 "http://148.72.22.93/" "Mozilla/5.0 (Macintosh; Intel Mac OS X 10_15_5) AppleWebKit/537.36 (KHTML, like Gecko) Chrome/83.0.4103.116 Safari/537.36"
68.53.74.223 - - [30/Jun/2020:13:26:27 -0700] "GET /blog/static/img/girl_studying.jpg HTTP/1.1" 404 179 "http://148.72.22.93/" "Mozilla/5.0 (Macintosh; Intel Mac OS X 10_15_5) AppleWebKit/537.36 (KHTML, like Gecko) Chrome/83.0.4103.116 Safari/537.36"
::1 - - [30/Jun/2020:13:26:33 -0700] "OPTIONS * HTTP/1.0" 200 - "-" "Apache/2.4.6 (CentOS) mod_wsgi/4.5.14 Python/3.6 (internal dummy connection)"
::1 - - [30/Jun/2020:13:26:34 -0700] "OPTIONS * HTTP/1.0" 200 - "-" "Apache/2.4.6 (CentOS) mod_wsgi/4.5.14 Python/3.6 (internal dummy connection)"
68.53.74.223 - - [30/Jun/2020:13:30:26 -0700] "GET / HTTP/1.1" 200 9118 "-" "Mozilla/5.0 (Macintosh; Intel Mac OS X 10_15_5) AppleWebKit/537.36 (KHTML, like Gecko) Chrome/83.0.4103.116 Safari/537.36"
68.53.74.223 - - [30/Jun/2020:13:30:27 -0700] "GET /blog/static/img/bookworm.png HTTP/1.1" 404 179 "http://148.72.22.93/" "Mozilla/5.0 (Macintosh; Intel Mac OS X 10_15_5) AppleWebKit/537.36 (KHTML, like Gecko) Chrome/83.0.4103.116 Safari/537.36"
68.53.74.223 - - [30/Jun/2020:13:30:27 -0700] "GET /blog/static/img/teacher.jpg HTTP/1.1" 404 179 "http://148.72.22.93/" "Mozilla/5.0 (Macintosh; Intel Mac OS X 10_15_5) AppleWebKit/537.36 (KHTML, like Gecko) Chrome/83.0.4103.116 Safari/537.36"
68.53.74.223 - - [30/Jun/2020:13:30:27 -0700] "GET /blog/static/img/kids.jpg HTTP/1.1" 404 179 "http://148.72.22.93/" "Mozilla/5.0 (Macintosh; Intel Mac OS X 10_15_5) AppleWebKit/537.36 (KHTML, like Gecko) Chrome/83.0.4103.116 Safari/537.36"
68.53.74.223 - - [30/Jun/2020:13:30:27 -0700] "GET /blog/static/img/test.jpg HTTP/1.1" 404 179 "http://148.72.22.93/" "Mozilla/5.0 (Macintosh; Intel Mac OS X 10_15_5) AppleWebKit/537.36 (KHTML, like Gecko) Chrome/83.0.4103.116 Safari/537.36"
68.53.74.223 - - [30/Jun/2020:13:30:27 -0700] "GET /blog/static/img/girl_studying.jpg HTTP/1.1" 404 179 "http://148.72.22.93/" "Mozilla/5.0 (Macintosh; Intel Mac OS X 10_15_5) AppleWebKit/537.36 (KHTML, like Gecko) Chrome/83.0.4103.116 Safari/537.36"
::1 - - [30/Jun/2020:13:30:32 -0700] "OPTIONS * HTTP/1.0" 200 - "-" "Apache/2.4.6 (CentOS) mod_wsgi/4.5.14 Python/3.6 (internal dummy connection)"
::1 - - [30/Jun/2020:13:30:33 -0700] "OPTIONS * HTTP/1.0" 200 - "-" "Apache/2.4.6 (CentOS) mod_wsgi/4.5.14 Python/3.6 (internal dummy connection)"
68.53.74.223 - - [30/Jun/2020:13:32:15 -0700] "GET / HTTP/1.1" 200 9118 "-" "Mozilla/5.0 (Macintosh; Intel Mac OS X 10_15_5) AppleWebKit/537.36 (KHTML, like Gecko) Chrome/83.0.4103.116 Safari/537.36"
68.53.74.223 - - [30/Jun/2020:13:32:16 -0700] "GET /blog/static/img/bookworm.png HTTP/1.1" 404 179 "http://148.72.22.93/" "Mozilla/5.0 (Macintosh; Intel Mac OS X 10_15_5) AppleWebKit/537.36 (KHTML, like Gecko) Chrome/83.0.4103.116 Safari/537.36"
68.53.74.223 - - [30/Jun/2020:13:32:16 -0700] "GET /blog/static/img/teacher.jpg HTTP/1.1" 404 179 "http://148.72.22.93/" "Mozilla/5.0 (Macintosh; Intel Mac OS X 10_15_5) AppleWebKit/537.36 (KHTML, like Gecko) Chrome/83.0.4103.116 Safari/537.36"
68.53.74.223 - - [30/Jun/2020:13:32:17 -0700] "GET /blog/static/img/kids.jpg HTTP/1.1" 404 179 "http://148.72.22.93/" "Mozilla/5.0 (Macintosh; Intel Mac OS X 10_15_5) AppleWebKit/537.36 (KHTML, like Gecko) Chrome/83.0.4103.116 Safari/537.36"
68.53.74.223 - - [30/Jun/2020:13:32:17 -0700] "GET /blog/static/img/test.jpg HTTP/1.1" 404 179 "http://148.72.22.93/" "Mozilla/5.0 (Macintosh; Intel Mac OS X 10_15_5) AppleWebKit/537.36 (KHTML, like Gecko) Chrome/83.0.4103.116 Safari/537.36"
68.53.74.223 - - [30/Jun/2020:13:32:17 -0700] "GET /blog/static/img/girl_studying.jpg HTTP/1.1" 404 179 "http://148.72.22.93/" "Mozilla/5.0 (Macintosh; Intel Mac OS X 10_15_5) AppleWebKit/537.36 (KHTML, like Gecko) Chrome/83.0.4103.116 Safari/537.36"
::1 - - [30/Jun/2020:13:32:22 -0700] "OPTIONS * HTTP/1.0" 200 - "-" "Apache/2.4.6 (CentOS) mod_wsgi/4.5.14 Python/3.6 (internal dummy connection)"
::1 - - [30/Jun/2020:13:32:23 -0700] "OPTIONS * HTTP/1.0" 200 - "-" "Apache/2.4.6 (CentOS) mod_wsgi/4.5.14 Python/3.6 (internal dummy connection)"
68.53.74.223 - - [30/Jun/2020:13:36:38 -0700] "GET / HTTP/1.1" 200 9118 "-" "Mozilla/5.0 (Macintosh; Intel Mac OS X 10_15_5) AppleWebKit/537.36 (KHTML, like Gecko) Chrome/83.0.4103.116 Safari/537.36"
68.53.74.223 - - [30/Jun/2020:13:36:40 -0700] "GET /blog/static/img/teacher.jpg HTTP/1.1" 404 179 "http://148.72.22.93/" "Mozilla/5.0 (Macintosh; Intel Mac OS X 10_15_5) AppleWebKit/537.36 (KHTML, like Gecko) Chrome/83.0.4103.116 Safari/537.36"
68.53.74.223 - - [30/Jun/2020:13:36:40 -0700] "GET /blog/static/img/bookworm.png HTTP/1.1" 404 179 "http://148.72.22.93/" "Mozilla/5.0 (Macintosh; Intel Mac OS X 10_15_5) AppleWebKit/537.36 (KHTML, like Gecko) Chrome/83.0.4103.116 Safari/537.36"
68.53.74.223 - - [30/Jun/2020:13:36:40 -0700] "GET /blog/static/img/kids.jpg HTTP/1.1" 404 179 "http://148.72.22.93/" "Mozilla/5.0 (Macintosh; Intel Mac OS X 10_15_5) AppleWebKit/537.36 (KHTML, like Gecko) Chrome/83.0.4103.116 Safari/537.36"
68.53.74.223 - - [30/Jun/2020:13:36:40 -0700] "GET /blog/static/img/test.jpg HTTP/1.1" 404 179 "http://148.72.22.93/" "Mozilla/5.0 (Macintosh; Intel Mac OS X 10_15_5) AppleWebKit/537.36 (KHTML, like Gecko) Chrome/83.0.4103.116 Safari/537.36"
68.53.74.223 - - [30/Jun/2020:13:36:40 -0700] "GET /blog/static/img/girl_studying.jpg HTTP/1.1" 404 179 "http://148.72.22.93/" "Mozilla/5.0 (Macintosh; Intel Mac OS X 10_15_5) AppleWebKit/537.36 (KHTML, like Gecko) Chrome/83.0.4103.116 Safari/537.36"
::1 - - [30/Jun/2020:13:36:46 -0700] "OPTIONS * HTTP/1.0" 200 - "-" "Apache/2.4.6 (CentOS) mod_wsgi/4.5.14 Python/3.6 (internal dummy connection)"
::1 - - [30/Jun/2020:13:36:47 -0700] "OPTIONS * HTTP/1.0" 200 - "-" "Apache/2.4.6 (CentOS) mod_wsgi/4.5.14 Python/3.6 (internal dummy connection)"
::1 - - [30/Jun/2020:13:36:48 -0700] "OPTIONS * HTTP/1.0" 200 - "-" "Apache/2.4.6 (CentOS) mod_wsgi/4.5.14 Python/3.6 (internal dummy connection)"
68.53.74.223 - - [30/Jun/2020:13:39:34 -0700] "GET / HTTP/1.1" 200 9124 "-" "Mozilla/5.0 (Macintosh; Intel Mac OS X 10_15_5) AppleWebKit/537.36 (KHTML, like Gecko) Chrome/83.0.4103.116 Safari/537.36"
68.53.74.223 - - [30/Jun/2020:13:39:35 -0700] "GET /blog/static/img/teacher.jpg HTTP/1.1" 404 179 "http://148.72.22.93/" "Mozilla/5.0 (Macintosh; Intel Mac OS X 10_15_5) AppleWebKit/537.36 (KHTML, like Gecko) Chrome/83.0.4103.116 Safari/537.36"
68.53.74.223 - - [30/Jun/2020:13:39:35 -0700] "GET /blog/static/img/bookworm.png HTTP/1.1" 404 179 "http://148.72.22.93/" "Mozilla/5.0 (Macintosh; Intel Mac OS X 10_15_5) AppleWebKit/537.36 (KHTML, like Gecko) Chrome/83.0.4103.116 Safari/537.36"
68.53.74.223 - - [30/Jun/2020:13:39:35 -0700] "GET /blog/static/img/test.jpg HTTP/1.1" 404 179 "http://148.72.22.93/" "Mozilla/5.0 (Macintosh; Intel Mac OS X 10_15_5) AppleWebKit/537.36 (KHTML, like Gecko) Chrome/83.0.4103.116 Safari/537.36"
68.53.74.223 - - [30/Jun/2020:13:39:35 -0700] "GET /blog/static/img/kids.jpg HTTP/1.1" 404 179 "http://148.72.22.93/" "Mozilla/5.0 (Macintosh; Intel Mac OS X 10_15_5) AppleWebKit/537.36 (KHTML, like Gecko) Chrome/83.0.4103.116 Safari/537.36"
68.53.74.223 - - [30/Jun/2020:13:39:36 -0700] "GET /blog/static/img/girl_studying.jpg HTTP/1.1" 404 179 "http://148.72.22.93/" "Mozilla/5.0 (Macintosh; Intel Mac OS X 10_15_5) AppleWebKit/537.36 (KHTML, like Gecko) Chrome/83.0.4103.116 Safari/537.36"
::1 - - [30/Jun/2020:13:39:41 -0700] "OPTIONS * HTTP/1.0" 200 - "-" "Apache/2.4.6 (CentOS) mod_wsgi/4.5.14 Python/3.6 (internal dummy connection)"
::1 - - [30/Jun/2020:13:39:42 -0700] "OPTIONS * HTTP/1.0" 200 - "-" "Apache/2.4.6 (CentOS) mod_wsgi/4.5.14 Python/3.6 (internal dummy connection)"
68.53.74.223 - - [30/Jun/2020:13:40:22 -0700] "GET / HTTP/1.1" 200 9124 "-" "Mozilla/5.0 (Macintosh; Intel Mac OS X 10_15_5) AppleWebKit/537.36 (KHTML, like Gecko) Chrome/83.0.4103.116 Safari/537.36"
68.53.74.223 - - [30/Jun/2020:13:40:23 -0700] "GET /blog/static/img/teacher.jpg HTTP/1.1" 404 179 "http://148.72.22.93/" "Mozilla/5.0 (Macintosh; Intel Mac OS X 10_15_5) AppleWebKit/537.36 (KHTML, like Gecko) Chrome/83.0.4103.116 Safari/537.36"
68.53.74.223 - - [30/Jun/2020:13:40:23 -0700] "GET /blog/static/img/bookworm.png HTTP/1.1" 404 179 "http://148.72.22.93/" "Mozilla/5.0 (Macintosh; Intel Mac OS X 10_15_5) AppleWebKit/537.36 (KHTML, like Gecko) Chrome/83.0.4103.116 Safari/537.36"
68.53.74.223 - - [30/Jun/2020:13:40:23 -0700] "GET /blog/static/img/kids.jpg HTTP/1.1" 404 179 "http://148.72.22.93/" "Mozilla/5.0 (Macintosh; Intel Mac OS X 10_15_5) AppleWebKit/537.36 (KHTML, like Gecko) Chrome/83.0.4103.116 Safari/537.36"
68.53.74.223 - - [30/Jun/2020:13:40:23 -0700] "GET /blog/static/img/test.jpg HTTP/1.1" 404 179 "http://148.72.22.93/" "Mozilla/5.0 (Macintosh; Intel Mac OS X 10_15_5) AppleWebKit/537.36 (KHTML, like Gecko) Chrome/83.0.4103.116 Safari/537.36"
68.53.74.223 - - [30/Jun/2020:13:40:23 -0700] "GET /blog/static/img/girl_studying.jpg HTTP/1.1" 404 179 "http://148.72.22.93/" "Mozilla/5.0 (Macintosh; Intel Mac OS X 10_15_5) AppleWebKit/537.36 (KHTML, like Gecko) Chrome/83.0.4103.116 Safari/537.36"
::1 - - [30/Jun/2020:13:40:29 -0700] "OPTIONS * HTTP/1.0" 200 - "-" "Apache/2.4.6 (CentOS) mod_wsgi/4.5.14 Python/3.6 (internal dummy connection)"
::1 - - [30/Jun/2020:13:40:30 -0700] "OPTIONS * HTTP/1.0" 200 - "-" "Apache/2.4.6 (CentOS) mod_wsgi/4.5.14 Python/3.6 (internal dummy connection)"
68.53.74.223 - - [30/Jun/2020:13:40:33 -0700] "GET /about/ HTTP/1.1" 200 7895 "http://148.72.22.93/" "Mozilla/5.0 (Macintosh; Intel Mac OS X 10_15_5) AppleWebKit/537.36 (KHTML, like Gecko) Chrome/83.0.4103.116 Safari/537.36"
68.53.74.223 - - [30/Jun/2020:13:40:33 -0700] "GET /blog/static/blog/main.css HTTP/1.1" 404 179 "http://148.72.22.93/about/" "Mozilla/5.0 (Macintosh; Intel Mac OS X 10_15_5) AppleWebKit/537.36 (KHTML, like Gecko) Chrome/83.0.4103.116 Safari/537.36"
68.53.74.223 - - [30/Jun/2020:13:40:33 -0700] "GET /blog/static/img/bookworm.png HTTP/1.1" 404 179 "http://148.72.22.93/about/" "Mozilla/5.0 (Macintosh; Intel Mac OS X 10_15_5) AppleWebKit/537.36 (KHTML, like Gecko) Chrome/83.0.4103.116 Safari/537.36"
68.53.74.223 - - [30/Jun/2020:13:40:53 -0700] "GET /temp/ HTTP/1.1" 200 12724 "http://148.72.22.93/about/" "Mozilla/5.0 (Macintosh; Intel Mac OS X 10_15_5) AppleWebKit/537.36 (KHTML, like Gecko) Chrome/83.0.4103.116 Safari/537.36"
68.53.74.223 - - [30/Jun/2020:13:40:53 -0700] "GET /blog/static/blog/main.css HTTP/1.1" 404 179 "http://148.72.22.93/temp/" "Mozilla/5.0 (Macintosh; Intel Mac OS X 10_15_5) AppleWebKit/537.36 (KHTML, like Gecko) Chrome/83.0.4103.116 Safari/537.36"
68.53.74.223 - - [30/Jun/2020:13:40:53 -0700] "GET /blog/static/img/bookworm.png HTTP/1.1" 404 179 "http://148.72.22.93/temp/" "Mozilla/5.0 (Macintosh; Intel Mac OS X 10_15_5) AppleWebKit/537.36 (KHTML, like Gecko) Chrome/83.0.4103.116 Safari/537.36"
::1 - - [30/Jun/2020:13:56:02 -0700] "GET /server-status?auto HTTP/1.1" 400 143 "-" "-"
127.0.0.1 - - [30/Jun/2020:13:56:05 -0700] "GET /computeMetadata/v1/instance/?recursive=true HTTP/1.1" 400 143 "-" "-"
95.180.254.158 - - [30/Jun/2020:13:58:33 -0700] "GET /admin/login.asp HTTP/1.1" 400 226 "-" "-"
172.58.227.0 - - [30/Jun/2020:14:04:26 -0700] "GET / HTTP/1.1" 400 143 "-" "Mozilla/5.0 (Linux; Android 9; SAMSUNG SM-A102U) AppleWebKit/537.36 (KHTML, like Gecko) SamsungBrowser/12.0 Chrome/79.0.3945.136 Mobile Safari/537.36"
68.53.74.223 - - [30/Jun/2020:14:04:26 -0700] "GET /home/ HTTP/1.1" 200 11734 "http://148.72.22.93/" "Mozilla/5.0 (Macintosh; Intel Mac OS X 10_15_5) AppleWebKit/537.36 (KHTML, like Gecko) Chrome/83.0.4103.116 Safari/537.36"
68.53.74.223 - - [30/Jun/2020:14:04:27 -0700] "GET /blog/static/blog/main.css HTTP/1.1" 404 179 "http://148.72.22.93/home/" "Mozilla/5.0 (Macintosh; Intel Mac OS X 10_15_5) AppleWebKit/537.36 (KHTML, like Gecko) Chrome/83.0.4103.116 Safari/537.36"
172.58.227.0 - - [30/Jun/2020:14:04:27 -0700] "GET /favicon.ico HTTP/1.1" 400 143 "http://vocabbrain.com/" "Mozilla/5.0 (Linux; Android 9; SAMSUNG SM-A102U) AppleWebKit/537.36 (KHTML, like Gecko) SamsungBrowser/12.0 Chrome/79.0.3945.136 Mobile Safari/537.36"
68.53.74.223 - - [30/Jun/2020:14:04:27 -0700] "GET /blog/static/img/bookworm.png HTTP/1.1" 404 179 "http://148.72.22.93/home/" "Mozilla/5.0 (Macintosh; Intel Mac OS X 10_15_5) AppleWebKit/537.36 (KHTML, like Gecko) Chrome/83.0.4103.116 Safari/537.36"
68.53.74.223 - - [30/Jun/2020:14:04:27 -0700] "GET /blog/static/img/joystick.gif HTTP/1.1" 404 179 "http://148.72.22.93/home/" "Mozilla/5.0 (Macintosh; Intel Mac OS X 10_15_5) AppleWebKit/537.36 (KHTML, like Gecko) Chrome/83.0.4103.116 Safari/537.36"
68.53.74.223 - - [30/Jun/2020:14:04:27 -0700] "GET /blog/static/img/announcements2.gif HTTP/1.1" 404 179 "http://148.72.22.93/home/" "Mozilla/5.0 (Macintosh; Intel Mac OS X 10_15_5) AppleWebKit/537.36 (KHTML, like Gecko) Chrome/83.0.4103.116 Safari/537.36"
68.53.74.223 - - [30/Jun/2020:14:04:27 -0700] "GET /blog/static/img/alert.gif HTTP/1.1" 404 179 "http://148.72.22.93/home/" "Mozilla/5.0 (Macintosh; Intel Mac OS X 10_15_5) AppleWebKit/537.36 (KHTML, like Gecko) Chrome/83.0.4103.116 Safari/537.36"
::1 - - [30/Jun/2020:14:04:33 -0700] "OPTIONS * HTTP/1.0" 200 - "-" "Apache/2.4.6 (CentOS) mod_wsgi/4.5.14 Python/3.6 (internal dummy connection)"
::1 - - [30/Jun/2020:14:04:34 -0700] "OPTIONS * HTTP/1.0" 200 - "-" "Apache/2.4.6 (CentOS) mod_wsgi/4.5.14 Python/3.6 (internal dummy connection)"
::1 - - [30/Jun/2020:14:04:35 -0700] "OPTIONS * HTTP/1.0" 200 - "-" "Apache/2.4.6 (CentOS) mod_wsgi/4.5.14 Python/3.6 (internal dummy connection)"
68.53.74.223 - - [30/Jun/2020:14:12:10 -0700] "GET / HTTP/1.1" 200 9118 "-" "Mozilla/5.0 (Macintosh; Intel Mac OS X 10_15_5) AppleWebKit/537.36 (KHTML, like Gecko) Chrome/83.0.4103.116 Safari/537.36"
68.53.74.223 - - [30/Jun/2020:14:12:11 -0700] "GET /blog/static/img/bookworm.png HTTP/1.1" 404 179 "http://148.72.22.93/" "Mozilla/5.0 (Macintosh; Intel Mac OS X 10_15_5) AppleWebKit/537.36 (KHTML, like Gecko) Chrome/83.0.4103.116 Safari/537.36"
68.53.74.223 - - [30/Jun/2020:14:12:11 -0700] "GET /blog/static/img/teacher.jpg HTTP/1.1" 404 179 "http://148.72.22.93/" "Mozilla/5.0 (Macintosh; Intel Mac OS X 10_15_5) AppleWebKit/537.36 (KHTML, like Gecko) Chrome/83.0.4103.116 Safari/537.36"
68.53.74.223 - - [30/Jun/2020:14:12:11 -0700] "GET /blog/static/img/kids.jpg HTTP/1.1" 404 179 "http://148.72.22.93/" "Mozilla/5.0 (Macintosh; Intel Mac OS X 10_15_5) AppleWebKit/537.36 (KHTML, like Gecko) Chrome/83.0.4103.116 Safari/537.36"
68.53.74.223 - - [30/Jun/2020:14:12:11 -0700] "GET /blog/static/img/test.jpg HTTP/1.1" 404 179 "http://148.72.22.93/" "Mozilla/5.0 (Macintosh; Intel Mac OS X 10_15_5) AppleWebKit/537.36 (KHTML, like Gecko) Chrome/83.0.4103.116 Safari/537.36"
68.53.74.223 - - [30/Jun/2020:14:12:11 -0700] "GET /blog/static/img/girl_studying.jpg HTTP/1.1" 404 179 "http://148.72.22.93/" "Mozilla/5.0 (Macintosh; Intel Mac OS X 10_15_5) AppleWebKit/537.36 (KHTML, like Gecko) Chrome/83.0.4103.116 Safari/537.36"
::1 - - [30/Jun/2020:14:12:17 -0700] "OPTIONS * HTTP/1.0" 200 - "-" "Apache/2.4.6 (CentOS) mod_wsgi/4.5.14 Python/3.6 (internal dummy connection)"
::1 - - [30/Jun/2020:14:12:18 -0700] "OPTIONS * HTTP/1.0" 200 - "-" "Apache/2.4.6 (CentOS) mod_wsgi/4.5.14 Python/3.6 (internal dummy connection)"
68.53.74.223 - - [30/Jun/2020:14:12:29 -0700] "GET /blog/static/img/bookworm.png HTTP/1.1" 404 179 "-" "Mozilla/5.0 (Macintosh; Intel Mac OS X 10_15_5) AppleWebKit/537.36 (KHTML, like Gecko) Chrome/83.0.4103.116 Safari/537.36"
68.53.74.223 - - [30/Jun/2020:14:12:44 -0700] "GET /django_project/blog/static/img/bookworm.png HTTP/1.1" 404 179 "-" "Mozilla/5.0 (Macintosh; Intel Mac OS X 10_15_5) AppleWebKit/537.36 (KHTML, like Gecko) Chrome/83.0.4103.116 Safari/537.36"
68.53.74.223 - - [30/Jun/2020:14:13:13 -0700] "GET /home/vocabbrain/django_project/blog/static/img/bookworm.png HTTP/1.1" 404 179 "-" "Mozilla/5.0 (Macintosh; Intel Mac OS X 10_15_5) AppleWebKit/537.36 (KHTML, like Gecko) Chrome/83.0.4103.116 Safari/537.36"
68.53.74.223 - - [30/Jun/2020:14:13:42 -0700] "GET /django_project/blog/static/img/bookworm.png HTTP/1.1" 404 179 "-" "Mozilla/5.0 (Macintosh; Intel Mac OS X 10_15_5) AppleWebKit/537.36 (KHTML, like Gecko) Chrome/83.0.4103.116 Safari/537.36"
68.53.74.223 - - [30/Jun/2020:14:13:50 -0700] "GET / HTTP/1.1" 200 9118 "-" "Mozilla/5.0 (Macintosh; Intel Mac OS X 10_15_5) AppleWebKit/537.36 (KHTML, like Gecko) Chrome/83.0.4103.116 Safari/537.36"
68.53.74.223 - - [30/Jun/2020:14:13:50 -0700] "GET /blog/static/img/kids.jpg HTTP/1.1" 404 179 "http://148.72.22.93/" "Mozilla/5.0 (Macintosh; Intel Mac OS X 10_15_5) AppleWebKit/537.36 (KHTML, like Gecko) Chrome/83.0.4103.116 Safari/537.36"
68.53.74.223 - - [30/Jun/2020:14:13:50 -0700] "GET /blog/static/img/test.jpg HTTP/1.1" 404 179 "http://148.72.22.93/" "Mozilla/5.0 (Macintosh; Intel Mac OS X 10_15_5) AppleWebKit/537.36 (KHTML, like Gecko) Chrome/83.0.4103.116 Safari/537.36"
68.53.74.223 - - [30/Jun/2020:14:13:50 -0700] "GET /blog/static/img/girl_studying.jpg HTTP/1.1" 404 179 "http://148.72.22.93/" "Mozilla/5.0 (Macintosh; Intel Mac OS X 10_15_5) AppleWebKit/537.36 (KHTML, like Gecko) Chrome/83.0.4103.116 Safari/537.36"
68.53.74.223 - - [30/Jun/2020:14:13:51 -0700] "GET /blog/static/img/teacher.jpg HTTP/1.1" 404 179 "http://148.72.22.93/" "Mozilla/5.0 (Macintosh; Intel Mac OS X 10_15_5) AppleWebKit/537.36 (KHTML, like Gecko) Chrome/83.0.4103.116 Safari/537.36"
68.53.74.223 - - [30/Jun/2020:14:13:51 -0700] "GET /blog/static/img/bookworm.png HTTP/1.1" 404 179 "http://148.72.22.93/" "Mozilla/5.0 (Macintosh; Intel Mac OS X 10_15_5) AppleWebKit/537.36 (KHTML, like Gecko) Chrome/83.0.4103.116 Safari/537.36"
68.53.74.223 - - [30/Jun/2020:14:15:58 -0700] "GET / HTTP/1.1" 200 9118 "-" "Mozilla/5.0 (Macintosh; Intel Mac OS X 10_15_5) AppleWebKit/537.36 (KHTML, like Gecko) Chrome/83.0.4103.116 Safari/537.36"
68.53.74.223 - - [30/Jun/2020:14:15:59 -0700] "GET /blog/static/img/teacher.jpg HTTP/1.1" 404 179 "http://148.72.22.93/" "Mozilla/5.0 (Macintosh; Intel Mac OS X 10_15_5) AppleWebKit/537.36 (KHTML, like Gecko) Chrome/83.0.4103.116 Safari/537.36"
68.53.74.223 - - [30/Jun/2020:14:15:59 -0700] "GET /blog/static/img/bookworm.png HTTP/1.1" 404 179 "http://148.72.22.93/" "Mozilla/5.0 (Macintosh; Intel Mac OS X 10_15_5) AppleWebKit/537.36 (KHTML, like Gecko) Chrome/83.0.4103.116 Safari/537.36"
68.53.74.223 - - [30/Jun/2020:14:15:59 -0700] "GET /blog/static/img/kids.jpg HTTP/1.1" 404 179 "http://148.72.22.93/" "Mozilla/5.0 (Macintosh; Intel Mac OS X 10_15_5) AppleWebKit/537.36 (KHTML, like Gecko) Chrome/83.0.4103.116 Safari/537.36"
68.53.74.223 - - [30/Jun/2020:14:15:59 -0700] "GET /blog/static/img/test.jpg HTTP/1.1" 404 179 "http://148.72.22.93/" "Mozilla/5.0 (Macintosh; Intel Mac OS X 10_15_5) AppleWebKit/537.36 (KHTML, like Gecko) Chrome/83.0.4103.116 Safari/537.36"
68.53.74.223 - - [30/Jun/2020:14:15:59 -0700] "GET /blog/static/img/girl_studying.jpg HTTP/1.1" 404 179 "http://148.72.22.93/" "Mozilla/5.0 (Macintosh; Intel Mac OS X 10_15_5) AppleWebKit/537.36 (KHTML, like Gecko) Chrome/83.0.4103.116 Safari/537.36"
::1 - - [30/Jun/2020:14:16:04 -0700] "OPTIONS * HTTP/1.0" 200 - "-" "Apache/2.4.6 (CentOS) mod_wsgi/4.5.14 Python/3.6 (internal dummy connection)"
::1 - - [30/Jun/2020:14:16:05 -0700] "OPTIONS * HTTP/1.0" 200 - "-" "Apache/2.4.6 (CentOS) mod_wsgi/4.5.14 Python/3.6 (internal dummy connection)"
82.76.139.153 - - [30/Jun/2020:14:19:27 -0700] "GET / HTTP/1.1" 200 8807 "-" "Mozilla/5.0 (Windows NT 6.1; WOW64) AppleWebKit/537.36 (KHTML, like Gecko) Chrome/52.0.2743.116 Safari/537.36"
68.53.74.223 - - [30/Jun/2020:14:30:34 -0700] "GET / HTTP/1.1" 200 9118 "-" "Mozilla/5.0 (Macintosh; Intel Mac OS X 10_15_5) AppleWebKit/537.36 (KHTML, like Gecko) Chrome/83.0.4103.116 Safari/537.36"
68.53.74.223 - - [30/Jun/2020:14:30:36 -0700] "GET /blog/static/img/bookworm.png HTTP/1.1" 404 179 "http://148.72.22.93/" "Mozilla/5.0 (Macintosh; Intel Mac OS X 10_15_5) AppleWebKit/537.36 (KHTML, like Gecko) Chrome/83.0.4103.116 Safari/537.36"
68.53.74.223 - - [30/Jun/2020:14:30:36 -0700] "GET /blog/static/img/teacher.jpg HTTP/1.1" 404 179 "http://148.72.22.93/" "Mozilla/5.0 (Macintosh; Intel Mac OS X 10_15_5) AppleWebKit/537.36 (KHTML, like Gecko) Chrome/83.0.4103.116 Safari/537.36"
68.53.74.223 - - [30/Jun/2020:14:30:36 -0700] "GET /blog/static/img/test.jpg HTTP/1.1" 404 179 "http://148.72.22.93/" "Mozilla/5.0 (Macintosh; Intel Mac OS X 10_15_5) AppleWebKit/537.36 (KHTML, like Gecko) Chrome/83.0.4103.116 Safari/537.36"
68.53.74.223 - - [30/Jun/2020:14:30:36 -0700] "GET /blog/static/img/kids.jpg HTTP/1.1" 404 179 "http://148.72.22.93/" "Mozilla/5.0 (Macintosh; Intel Mac OS X 10_15_5) AppleWebKit/537.36 (KHTML, like Gecko) Chrome/83.0.4103.116 Safari/537.36"
68.53.74.223 - - [30/Jun/2020:14:30:36 -0700] "GET /blog/static/img/girl_studying.jpg HTTP/1.1" 404 179 "http://148.72.22.93/" "Mozilla/5.0 (Macintosh; Intel Mac OS X 10_15_5) AppleWebKit/537.36 (KHTML, like Gecko) Chrome/83.0.4103.116 Safari/537.36"
::1 - - [30/Jun/2020:14:30:41 -0700] "OPTIONS * HTTP/1.0" 200 - "-" "Apache/2.4.6 (CentOS) mod_wsgi/4.5.14 Python/3.6 (internal dummy connection)"
::1 - - [30/Jun/2020:14:30:42 -0700] "OPTIONS * HTTP/1.0" 200 - "-" "Apache/2.4.6 (CentOS) mod_wsgi/4.5.14 Python/3.6 (internal dummy connection)"
68.53.74.223 - - [30/Jun/2020:14:30:54 -0700] "GET / HTTP/1.1" 200 8807 "-" "Mozilla/5.0 (iPhone; CPU iPhone OS 13_5 like Mac OS X) AppleWebKit/605.1.15 (KHTML, like Gecko) Version/13.1.1 Mobile/15E148 Safari/604.1"
68.53.74.223 - - [30/Jun/2020:14:30:54 -0700] "GET /blog/static/img/bookworm.png HTTP/1.1" 404 179 "http://148.72.22.93/" "Mozilla/5.0 (iPhone; CPU iPhone OS 13_5 like Mac OS X) AppleWebKit/605.1.15 (KHTML, like Gecko) Version/13.1.1 Mobile/15E148 Safari/604.1"
68.53.74.223 - - [30/Jun/2020:14:30:54 -0700] "GET /blog/static/img/kids.jpg HTTP/1.1" 404 179 "http://148.72.22.93/" "Mozilla/5.0 (iPhone; CPU iPhone OS 13_5 like Mac OS X) AppleWebKit/605.1.15 (KHTML, like Gecko) Version/13.1.1 Mobile/15E148 Safari/604.1"
68.53.74.223 - - [30/Jun/2020:14:30:54 -0700] "GET /blog/static/img/teacher.jpg HTTP/1.1" 404 179 "http://148.72.22.93/" "Mozilla/5.0 (iPhone; CPU iPhone OS 13_5 like Mac OS X) AppleWebKit/605.1.15 (KHTML, like Gecko) Version/13.1.1 Mobile/15E148 Safari/604.1"
68.53.74.223 - - [30/Jun/2020:14:30:55 -0700] "GET /blog/static/img/test.jpg HTTP/1.1" 404 179 "http://148.72.22.93/" "Mozilla/5.0 (iPhone; CPU iPhone OS 13_5 like Mac OS X) AppleWebKit/605.1.15 (KHTML, like Gecko) Version/13.1.1 Mobile/15E148 Safari/604.1"
68.53.74.223 - - [30/Jun/2020:14:30:56 -0700] "GET /blog/static/img/girl_studying.jpg HTTP/1.1" 404 179 "http://148.72.22.93/" "Mozilla/5.0 (iPhone; CPU iPhone OS 13_5 like Mac OS X) AppleWebKit/605.1.15 (KHTML, like Gecko) Version/13.1.1 Mobile/15E148 Safari/604.1"
68.53.74.223 - - [30/Jun/2020:14:30:56 -0700] "GET /blog/static/img/bookworm.png HTTP/1.1" 404 179 "http://148.72.22.93/" "Mozilla/5.0 (iPhone; CPU iPhone OS 13_5 like Mac OS X) AppleWebKit/605.1.15 (KHTML, like Gecko) Version/13.1.1 Mobile/15E148 Safari/604.1"
68.53.74.223 - - [30/Jun/2020:14:31:07 -0700] "GET / HTTP/1.1" 200 9118 "-" "Mozilla/5.0 (Macintosh; Intel Mac OS X 10_15_5) AppleWebKit/537.36 (KHTML, like Gecko) Chrome/83.0.4103.116 Safari/537.36"
68.53.74.223 - - [30/Jun/2020:14:31:08 -0700] "GET /blog/static/img/bookworm.png HTTP/1.1" 404 179 "http://148.72.22.93/" "Mozilla/5.0 (Macintosh; Intel Mac OS X 10_15_5) AppleWebKit/537.36 (KHTML, like Gecko) Chrome/83.0.4103.116 Safari/537.36"
68.53.74.223 - - [30/Jun/2020:14:31:08 -0700] "GET /blog/static/img/teacher.jpg HTTP/1.1" 404 179 "http://148.72.22.93/" "Mozilla/5.0 (Macintosh; Intel Mac OS X 10_15_5) AppleWebKit/537.36 (KHTML, like Gecko) Chrome/83.0.4103.116 Safari/537.36"
68.53.74.223 - - [30/Jun/2020:14:31:08 -0700] "GET /blog/static/img/test.jpg HTTP/1.1" 404 179 "http://148.72.22.93/" "Mozilla/5.0 (Macintosh; Intel Mac OS X 10_15_5) AppleWebKit/537.36 (KHTML, like Gecko) Chrome/83.0.4103.116 Safari/537.36"
68.53.74.223 - - [30/Jun/2020:14:31:08 -0700] "GET /blog/static/img/kids.jpg HTTP/1.1" 404 179 "http://148.72.22.93/" "Mozilla/5.0 (Macintosh; Intel Mac OS X 10_15_5) AppleWebKit/537.36 (KHTML, like Gecko) Chrome/83.0.4103.116 Safari/537.36"
68.53.74.223 - - [30/Jun/2020:14:31:08 -0700] "GET /blog/static/img/girl_studying.jpg HTTP/1.1" 404 179 "http://148.72.22.93/" "Mozilla/5.0 (Macintosh; Intel Mac OS X 10_15_5) AppleWebKit/537.36 (KHTML, like Gecko) Chrome/83.0.4103.116 Safari/537.36"
68.53.74.223 - - [30/Jun/2020:14:31:09 -0700] "GET / HTTP/1.1" 200 9118 "-" "Mozilla/5.0 (Macintosh; Intel Mac OS X 10_15_5) AppleWebKit/537.36 (KHTML, like Gecko) Chrome/83.0.4103.116 Safari/537.36"
68.53.74.223 - - [30/Jun/2020:14:31:09 -0700] "GET /blog/static/img/bookworm.png HTTP/1.1" 404 179 "http://148.72.22.93/" "Mozilla/5.0 (Macintosh; Intel Mac OS X 10_15_5) AppleWebKit/537.36 (KHTML, like Gecko) Chrome/83.0.4103.116 Safari/537.36"
68.53.74.223 - - [30/Jun/2020:14:31:09 -0700] "GET /blog/static/img/teacher.jpg HTTP/1.1" 404 179 "http://148.72.22.93/" "Mozilla/5.0 (Macintosh; Intel Mac OS X 10_15_5) AppleWebKit/537.36 (KHTML, like Gecko) Chrome/83.0.4103.116 Safari/537.36"
68.53.74.223 - - [30/Jun/2020:14:31:09 -0700] "GET /blog/static/img/test.jpg HTTP/1.1" 404 179 "http://148.72.22.93/" "Mozilla/5.0 (Macintosh; Intel Mac OS X 10_15_5) AppleWebKit/537.36 (KHTML, like Gecko) Chrome/83.0.4103.116 Safari/537.36"
68.53.74.223 - - [30/Jun/2020:14:31:09 -0700] "GET /blog/static/img/kids.jpg HTTP/1.1" 404 179 "http://148.72.22.93/" "Mozilla/5.0 (Macintosh; Intel Mac OS X 10_15_5) AppleWebKit/537.36 (KHTML, like Gecko) Chrome/83.0.4103.116 Safari/537.36"
68.53.74.223 - - [30/Jun/2020:14:31:09 -0700] "GET /blog/static/img/girl_studying.jpg HTTP/1.1" 404 179 "http://148.72.22.93/" "Mozilla/5.0 (Macintosh; Intel Mac OS X 10_15_5) AppleWebKit/537.36 (KHTML, like Gecko) Chrome/83.0.4103.116 Safari/537.36"
68.53.74.223 - - [30/Jun/2020:14:31:18 -0700] "GET /temp/ HTTP/1.1" 200 12721 "http://148.72.22.93/" "Mozilla/5.0 (Macintosh; Intel Mac OS X 10_15_5) AppleWebKit/537.36 (KHTML, like Gecko) Chrome/83.0.4103.116 Safari/537.36"
68.53.74.223 - - [30/Jun/2020:14:31:18 -0700] "GET /temp/blog/static/blog/main.css HTTP/1.1" 404 179 "http://148.72.22.93/temp/" "Mozilla/5.0 (Macintosh; Intel Mac OS X 10_15_5) AppleWebKit/537.36 (KHTML, like Gecko) Chrome/83.0.4103.116 Safari/537.36"
68.53.74.223 - - [30/Jun/2020:14:31:18 -0700] "GET /temp/blog/static/img/bookworm.png HTTP/1.1" 404 179 "http://148.72.22.93/temp/" "Mozilla/5.0 (Macintosh; Intel Mac OS X 10_15_5) AppleWebKit/537.36 (KHTML, like Gecko) Chrome/83.0.4103.116 Safari/537.36"
68.53.74.223 - - [30/Jun/2020:14:31:18 -0700] "GET /temp/blog/static/img/bookworm.png HTTP/1.1" 404 179 "http://148.72.22.93/temp/" "Mozilla/5.0 (Macintosh; Intel Mac OS X 10_15_5) AppleWebKit/537.36 (KHTML, like Gecko) Chrome/83.0.4103.116 Safari/537.36"
68.53.74.223 - - [30/Jun/2020:14:31:21 -0700] "GET /logout/ HTTP/1.1" 200 5474 "http://148.72.22.93/temp/" "Mozilla/5.0 (Macintosh; Intel Mac OS X 10_15_5) AppleWebKit/537.36 (KHTML, like Gecko) Chrome/83.0.4103.116 Safari/537.36"
68.53.74.223 - - [30/Jun/2020:14:31:22 -0700] "GET /logout/blog/static/blog/main.css HTTP/1.1" 404 179 "http://148.72.22.93/logout/" "Mozilla/5.0 (Macintosh; Intel Mac OS X 10_15_5) AppleWebKit/537.36 (KHTML, like Gecko) Chrome/83.0.4103.116 Safari/537.36"
68.53.74.223 - - [30/Jun/2020:14:31:22 -0700] "GET /logout/blog/static/img/bookworm.png HTTP/1.1" 404 179 "http://148.72.22.93/logout/" "Mozilla/5.0 (Macintosh; Intel Mac OS X 10_15_5) AppleWebKit/537.36 (KHTML, like Gecko) Chrome/83.0.4103.116 Safari/537.36"
68.53.74.223 - - [30/Jun/2020:14:31:22 -0700] "GET /logout/blog/static/img/bookworm.png HTTP/1.1" 404 179 "http://148.72.22.93/logout/" "Mozilla/5.0 (Macintosh; Intel Mac OS X 10_15_5) AppleWebKit/537.36 (KHTML, like Gecko) Chrome/83.0.4103.116 Safari/537.36"
68.53.74.223 - - [30/Jun/2020:14:31:24 -0700] "GET /home/ HTTP/1.1" 302 - "http://148.72.22.93/logout/" "Mozilla/5.0 (Macintosh; Intel Mac OS X 10_15_5) AppleWebKit/537.36 (KHTML, like Gecko) Chrome/83.0.4103.116 Safari/537.36"
68.53.74.223 - - [30/Jun/2020:14:31:24 -0700] "GET /login/?next=/home/ HTTP/1.1" 200 6814 "http://148.72.22.93/logout/" "Mozilla/5.0 (Macintosh; Intel Mac OS X 10_15_5) AppleWebKit/537.36 (KHTML, like Gecko) Chrome/83.0.4103.116 Safari/537.36"
68.53.74.223 - - [30/Jun/2020:14:31:24 -0700] "GET /login/blog/static/blog/main.css HTTP/1.1" 404 179 "http://148.72.22.93/login/?next=/home/" "Mozilla/5.0 (Macintosh; Intel Mac OS X 10_15_5) AppleWebKit/537.36 (KHTML, like Gecko) Chrome/83.0.4103.116 Safari/537.36"
68.53.74.223 - - [30/Jun/2020:14:31:24 -0700] "GET /login/blog/static/img/bookworm.png HTTP/1.1" 404 179 "http://148.72.22.93/login/?next=/home/" "Mozilla/5.0 (Macintosh; Intel Mac OS X 10_15_5) AppleWebKit/537.36 (KHTML, like Gecko) Chrome/83.0.4103.116 Safari/537.36"
68.53.74.223 - - [30/Jun/2020:14:31:24 -0700] "GET /login/blog/static/img/bookworm.png HTTP/1.1" 404 179 "http://148.72.22.93/login/?next=/home/" "Mozilla/5.0 (Macintosh; Intel Mac OS X 10_15_5) AppleWebKit/537.36 (KHTML, like Gecko) Chrome/83.0.4103.116 Safari/537.36"
68.53.74.223 - - [30/Jun/2020:14:31:26 -0700] "GET /home/ HTTP/1.1" 302 - "http://148.72.22.93/login/?next=/home/" "Mozilla/5.0 (Macintosh; Intel Mac OS X 10_15_5) AppleWebKit/537.36 (KHTML, like Gecko) Chrome/83.0.4103.116 Safari/537.36"
68.53.74.223 - - [30/Jun/2020:14:31:26 -0700] "GET /login/?next=/home/ HTTP/1.1" 200 6814 "http://148.72.22.93/login/?next=/home/" "Mozilla/5.0 (Macintosh; Intel Mac OS X 10_15_5) AppleWebKit/537.36 (KHTML, like Gecko) Chrome/83.0.4103.116 Safari/537.36"
68.53.74.223 - - [30/Jun/2020:14:31:26 -0700] "GET /login/blog/static/blog/main.css HTTP/1.1" 404 179 "http://148.72.22.93/login/?next=/home/" "Mozilla/5.0 (Macintosh; Intel Mac OS X 10_15_5) AppleWebKit/537.36 (KHTML, like Gecko) Chrome/83.0.4103.116 Safari/537.36"
68.53.74.223 - - [30/Jun/2020:14:31:26 -0700] "GET /login/blog/static/img/bookworm.png HTTP/1.1" 404 179 "http://148.72.22.93/login/?next=/home/" "Mozilla/5.0 (Macintosh; Intel Mac OS X 10_15_5) AppleWebKit/537.36 (KHTML, like Gecko) Chrome/83.0.4103.116 Safari/537.36"
68.53.74.223 - - [30/Jun/2020:14:31:26 -0700] "GET /about/ HTTP/1.1" 200 6560 "http://148.72.22.93/login/?next=/home/" "Mozilla/5.0 (Macintosh; Intel Mac OS X 10_15_5) AppleWebKit/537.36 (KHTML, like Gecko) Chrome/83.0.4103.116 Safari/537.36"
68.53.74.223 - - [30/Jun/2020:14:31:26 -0700] "GET /about/blog/static/blog/main.css HTTP/1.1" 404 179 "http://148.72.22.93/about/" "Mozilla/5.0 (Macintosh; Intel Mac OS X 10_15_5) AppleWebKit/537.36 (KHTML, like Gecko) Chrome/83.0.4103.116 Safari/537.36"
68.53.74.223 - - [30/Jun/2020:14:31:26 -0700] "GET /about/blog/static/img/bookworm.png HTTP/1.1" 404 179 "http://148.72.22.93/about/" "Mozilla/5.0 (Macintosh; Intel Mac OS X 10_15_5) AppleWebKit/537.36 (KHTML, like Gecko) Chrome/83.0.4103.116 Safari/537.36"
68.53.74.223 - - [30/Jun/2020:14:31:27 -0700] "GET /about/blog/static/img/bookworm.png HTTP/1.1" 404 179 "http://148.72.22.93/about/" "Mozilla/5.0 (Macintosh; Intel Mac OS X 10_15_5) AppleWebKit/537.36 (KHTML, like Gecko) Chrome/83.0.4103.116 Safari/537.36"
68.53.74.223 - - [30/Jun/2020:14:31:27 -0700] "GET /home/ HTTP/1.1" 302 - "http://148.72.22.93/about/" "Mozilla/5.0 (Macintosh; Intel Mac OS X 10_15_5) AppleWebKit/537.36 (KHTML, like Gecko) Chrome/83.0.4103.116 Safari/537.36"
68.53.74.223 - - [30/Jun/2020:14:31:27 -0700] "GET /login/?next=/home/ HTTP/1.1" 200 6814 "http://148.72.22.93/about/" "Mozilla/5.0 (Macintosh; Intel Mac OS X 10_15_5) AppleWebKit/537.36 (KHTML, like Gecko) Chrome/83.0.4103.116 Safari/537.36"
68.53.74.223 - - [30/Jun/2020:14:31:27 -0700] "GET /login/blog/static/blog/main.css HTTP/1.1" 404 179 "http://148.72.22.93/login/?next=/home/" "Mozilla/5.0 (Macintosh; Intel Mac OS X 10_15_5) AppleWebKit/537.36 (KHTML, like Gecko) Chrome/83.0.4103.116 Safari/537.36"
68.53.74.223 - - [30/Jun/2020:14:31:27 -0700] "GET /login/blog/static/img/bookworm.png HTTP/1.1" 404 179 "http://148.72.22.93/login/?next=/home/" "Mozilla/5.0 (Macintosh; Intel Mac OS X 10_15_5) AppleWebKit/537.36 (KHTML, like Gecko) Chrome/83.0.4103.116 Safari/537.36"
68.53.74.223 - - [30/Jun/2020:14:31:45 -0700] "GET / HTTP/1.1" 200 8807 "-" "Mozilla/5.0 (iPhone; CPU iPhone OS 13_5 like Mac OS X) AppleWebKit/605.1.15 (KHTML, like Gecko) Version/13.1.1 Mobile/15E148 Safari/604.1"
68.53.74.223 - - [30/Jun/2020:14:31:46 -0700] "GET /blog/static/img/bookworm.png HTTP/1.1" 404 179 "http://148.72.22.93/" "Mozilla/5.0 (iPhone; CPU iPhone OS 13_5 like Mac OS X) AppleWebKit/605.1.15 (KHTML, like Gecko) Version/13.1.1 Mobile/15E148 Safari/604.1"
68.53.74.223 - - [30/Jun/2020:14:31:46 -0700] "GET /blog/static/img/kids.jpg HTTP/1.1" 404 179 "http://148.72.22.93/" "Mozilla/5.0 (iPhone; CPU iPhone OS 13_5 like Mac OS X) AppleWebKit/605.1.15 (KHTML, like Gecko) Version/13.1.1 Mobile/15E148 Safari/604.1"
68.53.74.223 - - [30/Jun/2020:14:31:46 -0700] "GET /blog/static/img/teacher.jpg HTTP/1.1" 404 179 "http://148.72.22.93/" "Mozilla/5.0 (iPhone; CPU iPhone OS 13_5 like Mac OS X) AppleWebKit/605.1.15 (KHTML, like Gecko) Version/13.1.1 Mobile/15E148 Safari/604.1"
68.53.74.223 - - [30/Jun/2020:14:31:46 -0700] "GET /blog/static/img/test.jpg HTTP/1.1" 404 179 "http://148.72.22.93/" "Mozilla/5.0 (iPhone; CPU iPhone OS 13_5 like Mac OS X) AppleWebKit/605.1.15 (KHTML, like Gecko) Version/13.1.1 Mobile/15E148 Safari/604.1"
68.53.74.223 - - [30/Jun/2020:14:31:46 -0700] "GET /blog/static/img/girl_studying.jpg HTTP/1.1" 404 179 "http://148.72.22.93/" "Mozilla/5.0 (iPhone; CPU iPhone OS 13_5 like Mac OS X) AppleWebKit/605.1.15 (KHTML, like Gecko) Version/13.1.1 Mobile/15E148 Safari/604.1"
68.53.74.223 - - [30/Jun/2020:14:31:46 -0700] "GET /blog/static/img/bookworm.png HTTP/1.1" 404 179 "http://148.72.22.93/" "Mozilla/5.0 (iPhone; CPU iPhone OS 13_5 like Mac OS X) AppleWebKit/605.1.15 (KHTML, like Gecko) Version/13.1.1 Mobile/15E148 Safari/604.1"
68.53.74.223 - - [30/Jun/2020:14:31:52 -0700] "GET / HTTP/1.1" 400 143 "-" "Mozilla/5.0 (iPhone; CPU iPhone OS 13_5 like Mac OS X) AppleWebKit/605.1.15 (KHTML, like Gecko) Version/13.1.1 Mobile/15E148 Safari/604.1"
68.53.74.223 - - [30/Jun/2020:14:31:52 -0700] "GET /favicon.ico HTTP/1.1" 400 143 "http://vocabbrain.com/" "Mozilla/5.0 (iPhone; CPU iPhone OS 13_5 like Mac OS X) AppleWebKit/605.1.15 (KHTML, like Gecko) Version/13.1.1 Mobile/15E148 Safari/604.1"
68.53.74.223 - - [30/Jun/2020:14:35:04 -0700] "GET / HTTP/1.1" 200 8807 "-" "Mozilla/5.0 (iPhone; CPU iPhone OS 13_5 like Mac OS X) AppleWebKit/605.1.15 (KHTML, like Gecko) Version/13.1.1 Mobile/15E148 Safari/604.1"
68.53.74.223 - - [30/Jun/2020:14:35:04 -0700] "GET /blog/static/img/bookworm.png HTTP/1.1" 404 179 "http://148.72.22.93/" "Mozilla/5.0 (iPhone; CPU iPhone OS 13_5 like Mac OS X) AppleWebKit/605.1.15 (KHTML, like Gecko) Version/13.1.1 Mobile/15E148 Safari/604.1"
68.53.74.223 - - [30/Jun/2020:14:35:04 -0700] "GET /blog/static/img/test.jpg HTTP/1.1" 404 179 "http://148.72.22.93/" "Mozilla/5.0 (iPhone; CPU iPhone OS 13_5 like Mac OS X) AppleWebKit/605.1.15 (KHTML, like Gecko) Version/13.1.1 Mobile/15E148 Safari/604.1"
68.53.74.223 - - [30/Jun/2020:14:35:04 -0700] "GET /blog/static/img/teacher.jpg HTTP/1.1" 404 179 "http://148.72.22.93/" "Mozilla/5.0 (iPhone; CPU iPhone OS 13_5 like Mac OS X) AppleWebKit/605.1.15 (KHTML, like Gecko) Version/13.1.1 Mobile/15E148 Safari/604.1"
68.53.74.223 - - [30/Jun/2020:14:35:04 -0700] "GET /blog/static/img/kids.jpg HTTP/1.1" 404 179 "http://148.72.22.93/" "Mozilla/5.0 (iPhone; CPU iPhone OS 13_5 like Mac OS X) AppleWebKit/605.1.15 (KHTML, like Gecko) Version/13.1.1 Mobile/15E148 Safari/604.1"
68.53.74.223 - - [30/Jun/2020:14:35:04 -0700] "GET /blog/static/img/girl_studying.jpg HTTP/1.1" 404 179 "http://148.72.22.93/" "Mozilla/5.0 (iPhone; CPU iPhone OS 13_5 like Mac OS X) AppleWebKit/605.1.15 (KHTML, like Gecko) Version/13.1.1 Mobile/15E148 Safari/604.1"
68.53.74.223 - - [30/Jun/2020:14:35:04 -0700] "GET /blog/static/img/bookworm.png HTTP/1.1" 404 179 "http://148.72.22.93/" "Mozilla/5.0 (iPhone; CPU iPhone OS 13_5 like Mac OS X) AppleWebKit/605.1.15 (KHTML, like Gecko) Version/13.1.1 Mobile/15E148 Safari/604.1"
68.53.74.223 - - [30/Jun/2020:14:35:15 -0700] "GET / HTTP/1.1" 200 8807 "-" "Mozilla/5.0 (iPhone; CPU iPhone OS 13_5 like Mac OS X) AppleWebKit/605.1.15 (KHTML, like Gecko) Version/13.1.1 Mobile/15E148 Safari/604.1"
68.53.74.223 - - [30/Jun/2020:14:35:15 -0700] "GET /blog/static/img/teacher.jpg HTTP/1.1" 404 179 "http://148.72.22.93/" "Mozilla/5.0 (iPhone; CPU iPhone OS 13_5 like Mac OS X) AppleWebKit/605.1.15 (KHTML, like Gecko) Version/13.1.1 Mobile/15E148 Safari/604.1"
68.53.74.223 - - [30/Jun/2020:14:35:15 -0700] "GET /blog/static/img/bookworm.png HTTP/1.1" 404 179 "http://148.72.22.93/" "Mozilla/5.0 (iPhone; CPU iPhone OS 13_5 like Mac OS X) AppleWebKit/605.1.15 (KHTML, like Gecko) Version/13.1.1 Mobile/15E148 Safari/604.1"
68.53.74.223 - - [30/Jun/2020:14:35:15 -0700] "GET /blog/static/img/girl_studying.jpg HTTP/1.1" 404 179 "http://148.72.22.93/" "Mozilla/5.0 (iPhone; CPU iPhone OS 13_5 like Mac OS X) AppleWebKit/605.1.15 (KHTML, like Gecko) Version/13.1.1 Mobile/15E148 Safari/604.1"
68.53.74.223 - - [30/Jun/2020:14:35:15 -0700] "GET /blog/static/img/kids.jpg HTTP/1.1" 404 179 "http://148.72.22.93/" "Mozilla/5.0 (iPhone; CPU iPhone OS 13_5 like Mac OS X) AppleWebKit/605.1.15 (KHTML, like Gecko) Version/13.1.1 Mobile/15E148 Safari/604.1"
68.53.74.223 - - [30/Jun/2020:14:35:15 -0700] "GET /blog/static/img/test.jpg HTTP/1.1" 404 179 "http://148.72.22.93/" "Mozilla/5.0 (iPhone; CPU iPhone OS 13_5 like Mac OS X) AppleWebKit/605.1.15 (KHTML, like Gecko) Version/13.1.1 Mobile/15E148 Safari/604.1"
68.53.74.223 - - [30/Jun/2020:14:35:32 -0700] "GET /register/ HTTP/1.1" 200 9054 "http://148.72.22.93/" "Mozilla/5.0 (iPhone; CPU iPhone OS 13_5 like Mac OS X) AppleWebKit/605.1.15 (KHTML, like Gecko) Version/13.1.1 Mobile/15E148 Safari/604.1"
